Terraform plan output — Sample Evidence
Pipeline ID: 98765
Commit: a1b2c3d4e5f6789012345678901234567890abcd
Date: 2026-04-02T09:15:00Z
Environment: prod

Initializing the backend...
Successfully configured the backend "s3"!

Initializing provider plugins...
- Reusing previous version of hashicorp/aws from the dependency lock file
- Reusing previous version of hashicorp/tls from the dependency lock file
- Using previously-installed hashicorp/aws v5.40.0
- Using previously-installed hashicorp/tls v4.0.5

Terraform has been successfully initialized!

Refreshing Terraform state in-memory prior to plan...

data.aws_caller_identity.current: Reading...
data.aws_caller_identity.current: Read complete after 1s [id=123456789012]

Terraform used the selected providers to generate the following execution plan.
Resource actions are indicated with the following symbols:
  ~ update in-place

Terraform will perform the following actions:

  # module.eks.aws_eks_node_group.main["general"] will be updated in-place
  ~ resource "aws_eks_node_group" "main" {
        id = "finapp-prod:general"
      ~ scaling_config {
          ~ desired_size = 3 -> 4
            max_size     = 10
            min_size     = 2
        }
        # (12 unchanged attributes hidden)
    }

Plan: 0 to add, 1 to change, 0 to destroy.

─────────────────────────────────────────────────────────────────

Saved the plan to: tfplan.binary

Note: You didn't use the -out option to save this plan, so Terraform can't guarantee to take exactly these actions if you run "terraform apply" now.

COMPLIANCE TAGS VERIFIED:
  ✓ Owner       = platform-team
  ✓ Environment = prod
  ✓ CostCenter  = CC-4521
  ✓ ManagedBy   = Terraform

SECURITY CONTROLS:
  ✓ No public S3 buckets
  ✓ No 0.0.0.0/0 on ports 22/3389
  ✓ EKS endpoint public access: DISABLED
  ✓ EKS audit logging: ENABLED
  ✓ KMS encryption: ENABLED
  ✓ IMDSv2 required on all instances
